

================================================================
== Vitis HLS Report for 'MedianBlur'
================================================================
* Date:           Mon Jan 16 15:58:52 2023

* Version:        2020.2 (Build 3064766 on Wed Nov 18 09:12:47 MST 2020)
* Project:        median_blur
* Solution:       solution1 (Vivado IP Flow Target)
* Product family: zynq
* Target device:  xc7z020-clg400-1


================================================================
== Performance Estimates
================================================================
+ Timing: 
    * Summary: 
    +--------+----------+----------+------------+
    |  Clock |  Target  | Estimated| Uncertainty|
    +--------+----------+----------+------------+
    |ap_clk  |  10.00 ns|  7.081 ns|     2.70 ns|
    +--------+----------+----------+------------+

+ Latency: 
    * Summary: 
    +---------+---------+----------+----------+-----+-----+---------+
    |  Latency (cycles) |  Latency (absolute) |  Interval | Pipeline|
    |   min   |   max   |    min   |    max   | min | max |   Type  |
    +---------+---------+----------+----------+-----+-----+---------+
    |        ?|        ?|         ?|         ?|    ?|    ?|     none|
    +---------+---------+----------+----------+-----+-----+---------+

    + Detail: 
        * Instance: 
        N/A

        * Loop: 
        +---------------------------------------------------+---------+---------+----------+-----------+-----------+------+----------+
        |                                                   |  Latency (cycles) | Iteration|  Initiation Interval  | Trip |          |
        |                     Loop Name                     |   min   |   max   |  Latency |  achieved |   target  | Count| Pipelined|
        +---------------------------------------------------+---------+---------+----------+-----------+-----------+------+----------+
        |- VITIS_LOOP_10_1_VITIS_LOOP_11_2_VITIS_LOOP_12_3  |        ?|        ?|         ?|          -|          -|     ?|        no|
        | + VITIS_LOOP_25_4                                 |        ?|        ?|         ?|          -|          -|     8|        no|
        |  ++ VITIS_LOOP_28_5                               |        ?|        ?|         3|          2|          1|     ?|       yes|
        +---------------------------------------------------+---------+---------+----------+-----------+-----------+------+----------+



================================================================
== Utilization Estimates
================================================================
* Summary: 
+-----------------+---------+-----+--------+-------+-----+
|       Name      | BRAM_18K| DSP |   FF   |  LUT  | URAM|
+-----------------+---------+-----+--------+-------+-----+
|DSP              |        -|    -|       -|      -|    -|
|Expression       |        -|    -|       0|    438|    -|
|FIFO             |        -|    -|       -|      -|    -|
|Instance         |        -|    2|     606|    306|    -|
|Memory           |        0|    -|      64|      5|    -|
|Multiplexer      |        -|    -|       -|    267|    -|
|Register         |        -|    -|     616|      -|    -|
+-----------------+---------+-----+--------+-------+-----+
|Total            |        0|    2|    1286|   1016|    0|
+-----------------+---------+-----+--------+-------+-----+
|Available        |      280|  220|  106400|  53200|    0|
+-----------------+---------+-----+--------+-------+-----+
|Utilization (%)  |        0|   ~0|       1|      1|    0|
+-----------------+---------+-----+--------+-------+-----+

+ Detail: 
    * Instance: 
    +-------------------------+----------------------+---------+----+-----+-----+-----+
    |         Instance        |        Module        | BRAM_18K| DSP|  FF | LUT | URAM|
    +-------------------------+----------------------+---------+----+-----+-----+-----+
    |mul_32ns_32ns_64_2_1_U1  |mul_32ns_32ns_64_2_1  |        0|   0|  165|   50|    0|
    |mul_32ns_64ns_96_5_1_U2  |mul_32ns_64ns_96_5_1  |        0|   2|  441|  256|    0|
    +-------------------------+----------------------+---------+----+-----+-----+-----+
    |Total                    |                      |        0|   2|  606|  306|    0|
    +-------------------------+----------------------+---------+----+-----+-----+-----+

    * DSP: 
    N/A

    * Memory: 
    +----------+--------+---------+----+----+-----+------+-----+------+-------------+
    |  Memory  | Module | BRAM_18K| FF | LUT| URAM| Words| Bits| Banks| W*Bits*Banks|
    +----------+--------+---------+----+----+-----+------+-----+------+-------------+
    |window_U  |window  |        0|  64|   5|    0|     9|   32|     1|          288|
    +----------+--------+---------+----+----+-----+------+-----+------+-------------+
    |Total     |        |        0|  64|   5|    0|     9|   32|     1|          288|
    +----------+--------+---------+----+----+-----+------+-----+------+-------------+

    * FIFO: 
    N/A

    * Expression: 
    +---------------------------------+----------+----+---+-----+------------+------------+
    |          Variable Name          | Operation| DSP| FF| LUT | Bitwidth P0| Bitwidth P1|
    +---------------------------------+----------+----+---+-----+------------+------------+
    |add4_fu_270_p2                   |         +|   0|  0|   39|          32|           1|
    |add7_fu_276_p2                   |         +|   0|  0|   39|          32|           1|
    |add_ln10_fu_355_p2               |         +|   0|  0|  103|          96|           1|
    |add_ln25_fu_444_p2               |         +|   0|  0|   13|           4|           1|
    |j_fu_387_p2                      |         +|   0|  0|   13|           4|           2|
    |addr_cmp_fu_409_p2               |      icmp|   0|  0|   29|          64|          64|
    |icmp27_fu_316_p2                 |      icmp|   0|  0|   17|          31|           1|
    |icmp_fu_292_p2                   |      icmp|   0|  0|   17|          31|           1|
    |icmp_ln10_fu_361_p2              |      icmp|   0|  0|   39|          96|          96|
    |icmp_ln25_fu_366_p2              |      icmp|   0|  0|    9|           4|           4|
    |icmp_ln28_fu_425_p2              |      icmp|   0|  0|   18|          32|          32|
    |ap_predicate_tran17to19_state17  |        or|   0|  0|    2|           1|           1|
    |reuse_select_fu_418_p3           |    select|   0|  0|   32|           1|          32|
    |select_ln10_1_fu_322_p3          |    select|   0|  0|   32|           1|          32|
    |select_ln10_fu_298_p3            |    select|   0|  0|   32|           1|          32|
    |ap_enable_pp0                    |       xor|   0|  0|    2|           1|           2|
    |ap_enable_reg_pp0_iter1          |       xor|   0|  0|    2|           2|           1|
    +---------------------------------+----------+----+---+-----+------------+------------+
    |Total                            |          |   0|  0|  438|         433|         304|
    +---------------------------------+----------+----+---+-----+------------+------------+

    * Multiplexer: 
    +---------------------------------+-----+-----------+-----+-----------+
    |               Name              | LUT | Input Size| Bits| Total Bits|
    +---------------------------------+-----+-----------+-----+-----------+
    |ap_NS_fsm                        |  100|         20|    1|         20|
    |ap_enable_reg_pp0_iter1          |   14|          3|    1|          3|
    |ap_phi_mux_j_0_in_phi_fu_262_p4  |    9|          2|    4|          8|
    |i_reg_247                        |    9|          2|    4|          8|
    |indvar_flatten19_reg_236         |    9|          2|   96|        192|
    |j_0_in_reg_259                   |    9|          2|    4|          8|
    |reuse_addr_reg_fu_92             |    9|          2|   64|        128|
    |reuse_reg_fu_96                  |    9|          2|   32|         64|
    |window_address0                  |   42|          8|    4|         32|
    |window_address1                  |   37|          7|    4|         28|
    |window_d0                        |   20|          4|   32|        128|
    +---------------------------------+-----+-----------+-----+-----------+
    |Total                            |  267|         54|  246|        619|
    +---------------------------------+-----+-----------+-----+-----------+

    * Register: 
    +--------------------------+----+----+-----+-----------+
    |           Name           | FF | LUT| Bits| Const Bits|
    +--------------------------+----+----+-----+-----------+
    |add_ln10_reg_560          |  96|   0|   96|          0|
    |addr_cmp_reg_596          |   1|   0|    1|          0|
    |ap_CS_fsm                 |  19|   0|   19|          0|
    |ap_enable_reg_pp0_iter0   |   1|   0|    1|          0|
    |ap_enable_reg_pp0_iter1   |   1|   0|    1|          0|
    |bound10_reg_555           |  96|   0|   96|          0|
    |bound_reg_489             |  64|   0|   64|          0|
    |element_reg_576           |  32|   0|   32|          0|
    |i_reg_247                 |   4|   0|    4|          0|
    |icmp_ln28_reg_606         |   1|   0|    1|          0|
    |indvar_flatten19_reg_236  |  96|   0|   96|          0|
    |j_0_in_reg_259            |   4|   0|    4|          0|
    |j_reg_582                 |   4|   0|    4|          0|
    |reuse_addr_reg_fu_92      |  64|   0|   64|          0|
    |reuse_reg_fu_96           |  32|   0|   32|          0|
    |reuse_select_reg_601      |  32|   0|   32|          0|
    |select_ln10_1_reg_474     |  32|   0|   32|          0|
    |select_ln10_reg_469       |  32|   0|   32|          0|
    |tmp_2_reg_587             |   1|   0|    1|          0|
    |zext_ln29_reg_610         |   4|   0|   64|         60|
    +--------------------------+----+----+-----+-----------+
    |Total                     | 616|   0|  676|         60|
    +--------------------------+----+----+-----+-----------+



================================================================
== Interface
================================================================
* Summary: 
+---------------------+-----+-----+------------+--------------+--------------+
|      RTL Ports      | Dir | Bits|  Protocol  | Source Object|    C Type    |
+---------------------+-----+-----+------------+--------------+--------------+
|ap_clk               |   in|    1|  ap_ctrl_hs|    MedianBlur|  return value|
|ap_rst               |   in|    1|  ap_ctrl_hs|    MedianBlur|  return value|
|ap_start             |   in|    1|  ap_ctrl_hs|    MedianBlur|  return value|
|ap_done              |  out|    1|  ap_ctrl_hs|    MedianBlur|  return value|
|ap_idle              |  out|    1|  ap_ctrl_hs|    MedianBlur|  return value|
|ap_ready             |  out|    1|  ap_ctrl_hs|    MedianBlur|  return value|
|input_array          |   in|   32|     ap_none|   input_array|       pointer|
|output_array         |  out|   32|      ap_vld|  output_array|       pointer|
|output_array_ap_vld  |  out|    1|      ap_vld|  output_array|       pointer|
|H                    |   in|   32|     ap_none|             H|        scalar|
|W                    |   in|   32|     ap_none|             W|        scalar|
|iters                |   in|   32|     ap_none|         iters|        scalar|
+---------------------+-----+-----+------------+--------------+--------------+

