

================================================================
== Vitis HLS Report for 'GaussianBlur'
================================================================
* Date:           Mon May 15 18:18:22 2023

* Version:        2020.2 (Build 3064766 on Wed Nov 18 09:12:47 MST 2020)
* Project:        gaussian_median
* Solution:       solution1 (Vivado IP Flow Target)
* Product family: zynq
* Target device:  xc7z020-clg400-1


================================================================
== Performance Estimates
================================================================
+ Timing: 
    * Summary: 
    +--------+----------+----------+------------+
    |  Clock |  Target  | Estimated| Uncertainty|
    +--------+----------+----------+------------+
    |ap_clk  |  10.00 ns|  7.300 ns|     2.70 ns|
    +--------+----------+----------+------------+

+ Latency: 
    * Summary: 
    +---------+---------+----------+----------+-----+-----+---------+
    |  Latency (cycles) |  Latency (absolute) |  Interval | Pipeline|
    |   min   |   max   |    min   |    max   | min | max |   Type  |
    +---------+---------+----------+----------+-----+-----+---------+
    |        ?|        ?|         ?|         ?|    ?|    ?|     none|
    +---------+---------+----------+----------+-----+-----+---------+

    + Detail: 
        * Instance: 
        N/A

        * Loop: 
        +----------------------+---------+---------+----------+-----------+-----------+------+----------+
        |                      |  Latency (cycles) | Iteration|  Initiation Interval  | Trip |          |
        |       Loop Name      |   min   |   max   |  Latency |  achieved |   target  | Count| Pipelined|
        +----------------------+---------+---------+----------+-----------+-----------+------+----------+
        |- VITIS_LOOP_32_1     |        ?|        ?|         ?|          -|          -|     ?|        no|
        | + VITIS_LOOP_33_2    |        ?|        ?|       239|          -|          -|     ?|        no|
        |  ++ VITIS_LOOP_45_3  |      207|      207|        23|          -|          -|     9|        no|
        +----------------------+---------+---------+----------+-----------+-----------+------+----------+



================================================================
== Utilization Estimates
================================================================
* Summary: 
+-----------------+---------+-----+--------+-------+-----+
|       Name      | BRAM_18K| DSP |   FF   |  LUT  | URAM|
+-----------------+---------+-----+--------+-------+-----+
|DSP              |        -|    -|       -|      -|    -|
|Expression       |        -|    -|       0|   3259|    -|
|FIFO             |        -|    -|       -|      -|    -|
|Instance         |        2|    8|    3825|   5071|    -|
|Memory           |        0|    -|     119|     22|    -|
|Multiplexer      |        -|    -|       -|    858|    -|
|Register         |        -|    -|    3158|      -|    -|
+-----------------+---------+-----+--------+-------+-----+
|Total            |        2|    8|    7102|   9210|    0|
+-----------------+---------+-----+--------+-------+-----+
|Available        |      280|  220|  106400|  53200|    0|
+-----------------+---------+-----+--------+-------+-----+
|Utilization (%)  |       ~0|    3|       6|     17|    0|
+-----------------+---------+-----+--------+-------+-----+

+ Detail: 
    * Instance: 
    +-----------------------------------+--------------------------------+---------+----+------+------+-----+
    |              Instance             |             Module             | BRAM_18K| DSP|  FF  |  LUT | URAM|
    +-----------------------------------+--------------------------------+---------+----+------+------+-----+
    |CTRL_BUS_s_axi_U                   |CTRL_BUS_s_axi                  |        0|   0|  1678|  3048|    0|
    |fadd_32ns_32ns_32_5_full_dsp_1_U1  |fadd_32ns_32ns_32_5_full_dsp_1  |        0|   2|   205|   390|    0|
    |fmul_32ns_32ns_32_4_max_dsp_1_U2   |fmul_32ns_32ns_32_4_max_dsp_1   |        0|   3|   143|   321|    0|
    |gmem_m_axi_U                       |gmem_m_axi                      |        2|   0|   512|   580|    0|
    |mul_62s_32s_62_5_1_U4              |mul_62s_32s_62_5_1              |        0|   1|   429|   244|    0|
    |mul_62s_32s_62_5_1_U5              |mul_62s_32s_62_5_1              |        0|   1|   429|   244|    0|
    |mul_62s_32s_62_5_1_U6              |mul_62s_32s_62_5_1              |        0|   1|   429|   244|    0|
    |sitofp_32ns_32_6_no_dsp_1_U3       |sitofp_32ns_32_6_no_dsp_1       |        0|   0|     0|     0|    0|
    +-----------------------------------+--------------------------------+---------+----+------+------+-----+
    |Total                              |                                |        2|   8|  3825|  5071|    0|
    +-----------------------------------+--------------------------------+---------+----+------+------+-----+

    * DSP: 
    N/A

    * Memory: 
    +-----------------------------------------------------------------------------------------------------------------------------------------------------------------------------------------------------------------------------------------+----------------------------------------------------------------------------------+---------+----+----+-----+------+-----+------+-------------+
    |                                                                                                                  Memory                                                                                                                 |                                      Module                                      | BRAM_18K| FF | LUT| URAM| Words| Bits| Banks| W*Bits*Banks|
    +-----------------------------------------------------------------------------------------------------------------------------------------------------------------------------------------------------------------------------------------+----------------------------------------------------------------------------------+---------+----+----+-----+------+-----+------+-------------+
    |GaussianBlur_fpga_wrapper_KHitTile_int_int_volatile_fpga_wrapper_KHitTile_int_int_volatile_fpga_wrapper_KHitTile_int_int_volatile_int_int_int_int_int_int_int_int_float_float_float_float_float_float_float_float_context_volatile_in_U  |GaussianBlur_fpga_wrapper_KHitTile_int_int_volatile_fpga_wrapper_KHitTile_intbkb  |        0|  32|   5|    0|     9|   32|     1|          288|
    |mask_table_U                                                                                                                                                                                                                             |mask_table                                                                        |        0|  23|  12|    0|    32|   23|     1|          736|
    |window_U                                                                                                                                                                                                                                 |window                                                                            |        0|  64|   5|    0|     9|   32|     1|          288|
    +-----------------------------------------------------------------------------------------------------------------------------------------------------------------------------------------------------------------------------------------+----------------------------------------------------------------------------------+---------+----+----+-----+------+-----+------+-------------+
    |Total                                                                                                                                                                                                                                    |                                                                                  |        0| 119|  22|    0|    50|   87|     3|         1312|
    +-----------------------------------------------------------------------------------------------------------------------------------------------------------------------------------------------------------------------------------------+----------------------------------------------------------------------------------+---------+----+----+-----+------+-----+------+-------------+

    * FIFO: 
    N/A

    * Expression: 
    +-----------------------------+----------+----+---+-----+------------+------------+
    |        Variable Name        | Operation| DSP| FF| LUT | Bitwidth P0| Bitwidth P1|
    +-----------------------------+----------+----+---+-----+------------+------------+
    |H_NCOL_fu_796_p2             |         +|   0|  0|   39|          32|           2|
    |add_ln341_fu_1560_p2         |         +|   0|  0|   14|           9|           8|
    |add_ln34_1_fu_921_p2         |         +|   0|  0|   69|          62|          62|
    |add_ln34_2_fu_933_p2         |         +|   0|  0|   71|          64|          64|
    |add_ln34_fu_898_p2           |         +|   0|  0|   69|          62|          62|
    |add_ln35_1_fu_958_p2         |         +|   0|  0|   69|          62|          62|
    |add_ln35_2_fu_970_p2         |         +|   0|  0|   71|          64|          64|
    |add_ln35_fu_873_p2           |         +|   0|  0|   69|          62|          62|
    |add_ln36_1_fu_995_p2         |         +|   0|  0|   69|          62|          62|
    |add_ln36_2_fu_1007_p2        |         +|   0|  0|   71|          64|          64|
    |add_ln36_fu_903_p2           |         +|   0|  0|   69|          62|           2|
    |add_ln37_1_fu_915_p2         |         +|   0|  0|   69|          62|           1|
    |add_ln37_2_fu_1044_p2        |         +|   0|  0|   71|          64|          64|
    |add_ln37_3_fu_1032_p2        |         +|   0|  0|   69|          62|          62|
    |add_ln37_fu_909_p2           |         +|   0|  0|   71|          64|           1|
    |add_ln38_1_fu_1069_p2        |         +|   0|  0|   69|          62|          62|
    |add_ln38_2_fu_1081_p2        |         +|   0|  0|   71|          64|          64|
    |add_ln38_fu_877_p2           |         +|   0|  0|   69|          62|          62|
    |add_ln39_1_fu_1118_p2        |         +|   0|  0|   71|          64|          64|
    |add_ln39_fu_1106_p2          |         +|   0|  0|   69|          62|          62|
    |add_ln40_1_fu_1155_p2        |         +|   0|  0|   71|          64|          64|
    |add_ln40_fu_1143_p2          |         +|   0|  0|   69|          62|          62|
    |add_ln41_1_fu_1180_p2        |         +|   0|  0|   69|          62|          62|
    |add_ln41_2_fu_1192_p2        |         +|   0|  0|   71|          64|          64|
    |add_ln41_fu_881_p2           |         +|   0|  0|   69|          62|          62|
    |add_ln42_1_fu_1229_p2        |         +|   0|  0|   71|          64|          64|
    |add_ln42_fu_1217_p2          |         +|   0|  0|   69|          62|          62|
    |add_ln45_fu_1254_p2          |         +|   0|  0|   13|           4|           1|
    |add_ln48_1_fu_1284_p2        |         +|   0|  0|   71|          64|          64|
    |add_ln48_fu_1272_p2          |         +|   0|  0|   69|          62|          62|
    |add_ln50_fu_1664_p2          |         +|   0|  0|   39|          32|           1|
    |add_ln52_fu_1670_p2          |         +|   0|  0|   39|          32|           1|
    |data_V_1_fu_1404_p2          |         +|   0|  0|   39|          32|          32|
    |empty_88_fu_843_p2           |         +|   0|  0|   69|          62|           2|
    |empty_89_fu_855_p2           |         +|   0|  0|   69|          62|           1|
    |indvars_iv_next67_fu_849_p2  |         +|   0|  0|   71|          64|           1|
    |sub63_fu_807_p2              |         +|   0|  0|   39|          32|           1|
    |sub_fu_802_p2                |         +|   0|  0|   39|          32|           1|
    |result_V_2_fu_1653_p2        |         -|   0|  0|   39|           1|          32|
    |sub_ln1311_fu_1574_p2        |         -|   0|  0|   15|           7|           8|
    |and_ln19_1_fu_1501_p2        |       and|   0|  0|    2|           1|           1|
    |and_ln19_fu_1497_p2          |       and|   0|  0|    2|           1|           1|
    |and_ln840_fu_1519_p2         |       and|   0|  0|    2|           1|           1|
    |xs_sig_V_fu_1459_p2          |       and|   0|  0|   23|          23|          23|
    |xs_sign_V_fu_1448_p2         |       and|   0|  0|    2|           1|           1|
    |grp_fu_755_p2                |      icmp|   0|  0|   18|          32|           1|
    |icmp_ln19_fu_1377_p2         |      icmp|   0|  0|   15|          23|           1|
    |icmp_ln32_1_fu_829_p2        |      icmp|   0|  0|   18|          32|          32|
    |icmp_ln33_1_fu_889_p2        |      icmp|   0|  0|   18|          32|          32|
    |icmp_ln45_fu_1266_p2         |      icmp|   0|  0|    9|           4|           4|
    |icmp_ln840_1_fu_1388_p2      |      icmp|   0|  0|   11|           8|           8|
    |icmp_ln840_fu_1383_p2        |      icmp|   0|  0|   11|           8|           7|
    |r_V_fu_1612_p2               |      lshr|   0|  0|  242|          79|          79|
    |or_ln19_fu_1334_p2           |        or|   0|  0|    8|           8|           8|
    |or_ln840_fu_1482_p2          |        or|   0|  0|    2|           1|           1|
    |result_V_fu_1658_p3          |    select|   0|  0|   32|           1|          32|
    |select_ln19_fu_1506_p3       |    select|   0|  0|   32|           1|          32|
    |select_ln840_1_fu_1524_p3    |    select|   0|  0|   32|           1|          32|
    |select_ln840_fu_1486_p3      |    select|   0|  0|   32|           1|          32|
    |ush_fu_1584_p3               |    select|   0|  0|    9|           1|           9|
    |val_fu_1646_p3               |    select|   0|  0|   32|           1|          32|
    |xs_exp_V_fu_1442_p3          |    select|   0|  0|    8|           1|           8|
    |xs_sig_V_1_fu_1435_p3        |    select|   0|  0|   23|           1|          23|
    |r_V_1_fu_1618_p2             |       shl|   0|  0|  242|          79|          79|
    |xor_ln1302_fu_1453_p2        |       xor|   0|  0|   23|          23|           2|
    |xor_ln840_fu_1514_p2         |       xor|   0|  0|    2|           1|           2|
    +-----------------------------+----------+----+---+-----+------------+------------+
    |Total                        |          |   0|  0| 3259|        2462|        2086|
    +-----------------------------+----------+----+---+-----+------------+------------+

    * Multiplexer: 
    +---------------------+-----+-----------+-----+-----------+
    |         Name        | LUT | Input Size| Bits| Total Bits|
    +---------------------+-----+-----------+-----+-----------+
    |ap_NS_fsm            |  471|         94|    1|         94|
    |context_Addr_A_orig  |   81|         17|   32|        544|
    |context_Din_A        |   37|          7|   32|        224|
    |context_WEN_A        |    9|          2|    4|          8|
    |gmem_ARADDR          |   53|         10|   64|        640|
    |gmem_blk_n_AR        |    9|          2|    1|          2|
    |gmem_blk_n_AW        |    9|          2|    1|          2|
    |gmem_blk_n_B         |    9|          2|    1|          2|
    |gmem_blk_n_R         |    9|          2|    1|          2|
    |gmem_blk_n_W         |    9|          2|    1|          2|
    |grp_fu_751_p0        |   14|          3|   32|         96|
    |i_3_reg_690          |    9|          2|   64|        128|
    |j_3_reg_710          |    9|          2|   64|        128|
    |k_reg_719            |    9|          2|    4|          8|
    |new_value_reg_730    |    9|          2|   32|         64|
    |window_address0      |   59|         11|    4|         44|
    |window_d0            |   53|         10|   32|        320|
    +---------------------+-----+-----------+-----+-----------+
    |Total                |  858|        172|  370|       2308|
    +---------------------+-----+-----------+-----+-----------+

    * Register: 
    +--------------------------------------------------------------------------------------------------------------------------------------------------------------------------------------------------------------------------------------------------+----+----+-----+-----------+
    |                                                                                                                       Name                                                                                                                       | FF | LUT| Bits| Const Bits|
    +--------------------------------------------------------------------------------------------------------------------------------------------------------------------------------------------------------------------------------------------------+----+----+-----+-----------+
    |GaussianBlur_fpga_wrapper_KHitTile_int_int_volatile_fpga_wrapper_KHitTile_int_int_volatile_fpga_wrapper_KHitTile_int_int_volatile_int_int_int_int_int_int_int_int_float_float_float_float_float_float_float_float_context_volatile_in_2_reg_2101  |  32|   0|   32|          0|
    |H_NCOL_reg_1719                                                                                                                                                                                                                                   |  32|   0|   32|          0|
    |H_read_reg_1686                                                                                                                                                                                                                                   |  32|   0|   32|          0|
    |W_read_reg_1681                                                                                                                                                                                                                                   |  32|   0|   32|          0|
    |add_ln34_reg_1953                                                                                                                                                                                                                                 |  62|   0|   62|          0|
    |add_ln35_reg_1919                                                                                                                                                                                                                                 |  62|   0|   62|          0|
    |add_ln36_reg_1959                                                                                                                                                                                                                                 |  62|   0|   62|          0|
    |add_ln37_1_reg_1971                                                                                                                                                                                                                               |  62|   0|   62|          0|
    |add_ln37_reg_1966                                                                                                                                                                                                                                 |  64|   0|   64|          0|
    |add_ln38_reg_1926                                                                                                                                                                                                                                 |  62|   0|   62|          0|
    |add_ln41_reg_1933                                                                                                                                                                                                                                 |  62|   0|   62|          0|
    |add_ln45_reg_2077                                                                                                                                                                                                                                 |   4|   0|    4|          0|
    |ap_CS_fsm                                                                                                                                                                                                                                         |  93|   0|   93|          0|
    |data_V_reg_2117                                                                                                                                                                                                                                   |  32|   0|   32|          0|
    |dc_1_reg_2176                                                                                                                                                                                                                                     |  32|   0|   32|          0|
    |dc_reg_2111                                                                                                                                                                                                                                       |  32|   0|   32|          0|
    |empty_88_reg_1883                                                                                                                                                                                                                                 |  62|   0|   62|          0|
    |empty_89_reg_1893                                                                                                                                                                                                                                 |  62|   0|   62|          0|
    |gmem_addr_1_read_reg_2037                                                                                                                                                                                                                         |  32|   0|   32|          0|
    |gmem_addr_1_reg_1984                                                                                                                                                                                                                              |  64|   0|   64|          0|
    |gmem_addr_2_read_reg_2042                                                                                                                                                                                                                         |  32|   0|   32|          0|
    |gmem_addr_2_reg_1990                                                                                                                                                                                                                              |  64|   0|   64|          0|
    |gmem_addr_3_read_reg_2047                                                                                                                                                                                                                         |  32|   0|   32|          0|
    |gmem_addr_3_reg_1996                                                                                                                                                                                                                              |  64|   0|   64|          0|
    |gmem_addr_4_read_reg_2052                                                                                                                                                                                                                         |  32|   0|   32|          0|
    |gmem_addr_4_reg_2002                                                                                                                                                                                                                              |  64|   0|   64|          0|
    |gmem_addr_5_read_reg_2057                                                                                                                                                                                                                         |  32|   0|   32|          0|
    |gmem_addr_5_reg_2008                                                                                                                                                                                                                              |  64|   0|   64|          0|
    |gmem_addr_6_read_reg_2062                                                                                                                                                                                                                         |  32|   0|   32|          0|
    |gmem_addr_6_reg_2014                                                                                                                                                                                                                              |  64|   0|   64|          0|
    |gmem_addr_7_read_reg_2067                                                                                                                                                                                                                         |  32|   0|   32|          0|
    |gmem_addr_7_reg_2020                                                                                                                                                                                                                              |  64|   0|   64|          0|
    |gmem_addr_8_read_reg_2072                                                                                                                                                                                                                         |  32|   0|   32|          0|
    |gmem_addr_8_reg_2026                                                                                                                                                                                                                              |  64|   0|   64|          0|
    |gmem_addr_9_reg_2095                                                                                                                                                                                                                              |  64|   0|   64|          0|
    |gmem_addr_read_reg_2032                                                                                                                                                                                                                           |  32|   0|   32|          0|
    |gmem_addr_reg_1978                                                                                                                                                                                                                                |  64|   0|   64|          0|
    |i_2_reg_680                                                                                                                                                                                                                                       |  32|   0|   32|          0|
    |i_3_reg_690                                                                                                                                                                                                                                       |  64|   0|   64|          0|
    |icmp_ln19_reg_2148                                                                                                                                                                                                                                |   1|   0|    1|          0|
    |icmp_ln32_reg_1757                                                                                                                                                                                                                                |   1|   0|    1|          0|
    |icmp_ln33_reg_1874                                                                                                                                                                                                                                |   1|   0|    1|          0|
    |icmp_ln840_1_reg_2160                                                                                                                                                                                                                             |   1|   0|    1|          0|
    |icmp_ln840_reg_2153                                                                                                                                                                                                                               |   1|   0|    1|          0|
    |in_matrix_data_read_reg_1696                                                                                                                                                                                                                      |  64|   0|   64|          0|
    |in_matrix_reg_1709                                                                                                                                                                                                                                |  32|   0|   32|          0|
    |indvars_iv_next67_reg_1888                                                                                                                                                                                                                        |  64|   0|   64|          0|
    |isNeg_reg_2191                                                                                                                                                                                                                                    |   1|   0|    1|          0|
    |j_2_reg_700                                                                                                                                                                                                                                       |  32|   0|   32|          0|
    |j_3_reg_710                                                                                                                                                                                                                                       |  64|   0|   64|          0|
    |j_4_reg_2212                                                                                                                                                                                                                                      |  32|   0|   32|          0|
    |k_reg_719                                                                                                                                                                                                                                         |   4|   0|    4|          0|
    |mul_ln35_reg_1904                                                                                                                                                                                                                                 |  62|   0|   62|          0|
    |mul_ln38_reg_1909                                                                                                                                                                                                                                 |  62|   0|   62|          0|
    |mul_ln41_reg_1898                                                                                                                                                                                                                                 |  62|   0|   62|          0|
    |new_value_reg_730                                                                                                                                                                                                                                 |  32|   0|   32|          0|
    |out_matrix_data_read_reg_1691                                                                                                                                                                                                                     |  64|   0|   64|          0|
    |out_matrix_reg_1714                                                                                                                                                                                                                               |  32|   0|   32|          0|
    |p_Result_5_reg_2166                                                                                                                                                                                                                               |  32|   0|   32|          0|
    |p_Result_6_reg_2181                                                                                                                                                                                                                               |   1|   0|    1|          0|
    |p_Result_s_reg_2122                                                                                                                                                                                                                               |   1|   0|    1|          0|
    |reg_761                                                                                                                                                                                                                                           |  32|   0|   32|          0|
    |reg_770                                                                                                                                                                                                                                           |  32|   0|   32|          0|
    |select_ln840_1_reg_2171                                                                                                                                                                                                                           |  32|   0|   32|          0|
    |sext_ln33_1_reg_1826                                                                                                                                                                                                                              |  62|   0|   62|          0|
    |sext_ln35_reg_1853                                                                                                                                                                                                                                |  62|   0|   62|          0|
    |sext_ln48_reg_1861                                                                                                                                                                                                                                |  62|   0|   62|          0|
    |sub63_reg_1771                                                                                                                                                                                                                                    |  32|   0|   32|          0|
    |sub_reg_1766                                                                                                                                                                                                                                      |  32|   0|   32|          0|
    |tmp_2_reg_2131                                                                                                                                                                                                                                    |   8|   0|    8|          0|
    |tmp_5_reg_2186                                                                                                                                                                                                                                    |  23|   0|   23|          0|
    |trunc_ln368_reg_2143                                                                                                                                                                                                                              |  31|   0|   31|          0|
    |trunc_ln50_1_reg_1947                                                                                                                                                                                                                             |  62|   0|   62|          0|
    |trunc_ln50_reg_1939                                                                                                                                                                                                                               |  32|   0|   32|          0|
    |trunc_ln52_reg_1866                                                                                                                                                                                                                               |  32|   0|   32|          0|
    |ush_reg_2196                                                                                                                                                                                                                                      |   9|   0|    9|          0|
    |val_reg_2201                                                                                                                                                                                                                                      |  32|   0|   32|          0|
    |window_load_reg_2106                                                                                                                                                                                                                              |  32|   0|   32|          0|
    +--------------------------------------------------------------------------------------------------------------------------------------------------------------------------------------------------------------------------------------------------+----+----+-----+-----------+
    |Total                                                                                                                                                                                                                                             |3158|   0| 3158|          0|
    +--------------------------------------------------------------------------------------------------------------------------------------------------------------------------------------------------------------------------------------------------+----+----+-----+-----------+



================================================================
== Interface
================================================================
* Summary: 
+------------------------+-----+-----+------------+--------------+--------------+
|        RTL Ports       | Dir | Bits|  Protocol  | Source Object|    C Type    |
+------------------------+-----+-----+------------+--------------+--------------+
|s_axi_CTRL_BUS_AWVALID  |   in|    1|       s_axi|      CTRL_BUS|       pointer|
|s_axi_CTRL_BUS_AWREADY  |  out|    1|       s_axi|      CTRL_BUS|       pointer|
|s_axi_CTRL_BUS_AWADDR   |   in|    9|       s_axi|      CTRL_BUS|       pointer|
|s_axi_CTRL_BUS_WVALID   |   in|    1|       s_axi|      CTRL_BUS|       pointer|
|s_axi_CTRL_BUS_WREADY   |  out|    1|       s_axi|      CTRL_BUS|       pointer|
|s_axi_CTRL_BUS_WDATA    |   in|   32|       s_axi|      CTRL_BUS|       pointer|
|s_axi_CTRL_BUS_WSTRB    |   in|    4|       s_axi|      CTRL_BUS|       pointer|
|s_axi_CTRL_BUS_ARVALID  |   in|    1|       s_axi|      CTRL_BUS|       pointer|
|s_axi_CTRL_BUS_ARREADY  |  out|    1|       s_axi|      CTRL_BUS|       pointer|
|s_axi_CTRL_BUS_ARADDR   |   in|    9|       s_axi|      CTRL_BUS|       pointer|
|s_axi_CTRL_BUS_RVALID   |  out|    1|       s_axi|      CTRL_BUS|       pointer|
|s_axi_CTRL_BUS_RREADY   |   in|    1|       s_axi|      CTRL_BUS|       pointer|
|s_axi_CTRL_BUS_RDATA    |  out|   32|       s_axi|      CTRL_BUS|       pointer|
|s_axi_CTRL_BUS_RRESP    |  out|    2|       s_axi|      CTRL_BUS|       pointer|
|s_axi_CTRL_BUS_BVALID   |  out|    1|       s_axi|      CTRL_BUS|       pointer|
|s_axi_CTRL_BUS_BREADY   |   in|    1|       s_axi|      CTRL_BUS|       pointer|
|s_axi_CTRL_BUS_BRESP    |  out|    2|       s_axi|      CTRL_BUS|       pointer|
|ap_clk                  |   in|    1|  ap_ctrl_hs|  GaussianBlur|  return value|
|ap_rst_n                |   in|    1|  ap_ctrl_hs|  GaussianBlur|  return value|
|interrupt               |  out|    1|  ap_ctrl_hs|  GaussianBlur|  return value|
|m_axi_gmem_AWVALID      |  out|    1|       m_axi|          gmem|       pointer|
|m_axi_gmem_AWREADY      |   in|    1|       m_axi|          gmem|       pointer|
|m_axi_gmem_AWADDR       |  out|   64|       m_axi|          gmem|       pointer|
|m_axi_gmem_AWID         |  out|    1|       m_axi|          gmem|       pointer|
|m_axi_gmem_AWLEN        |  out|    8|       m_axi|          gmem|       pointer|
|m_axi_gmem_AWSIZE       |  out|    3|       m_axi|          gmem|       pointer|
|m_axi_gmem_AWBURST      |  out|    2|       m_axi|          gmem|       pointer|
|m_axi_gmem_AWLOCK       |  out|    2|       m_axi|          gmem|       pointer|
|m_axi_gmem_AWCACHE      |  out|    4|       m_axi|          gmem|       pointer|
|m_axi_gmem_AWPROT       |  out|    3|       m_axi|          gmem|       pointer|
|m_axi_gmem_AWQOS        |  out|    4|       m_axi|          gmem|       pointer|
|m_axi_gmem_AWREGION     |  out|    4|       m_axi|          gmem|       pointer|
|m_axi_gmem_AWUSER       |  out|    1|       m_axi|          gmem|       pointer|
|m_axi_gmem_WVALID       |  out|    1|       m_axi|          gmem|       pointer|
|m_axi_gmem_WREADY       |   in|    1|       m_axi|          gmem|       pointer|
|m_axi_gmem_WDATA        |  out|   32|       m_axi|          gmem|       pointer|
|m_axi_gmem_WSTRB        |  out|    4|       m_axi|          gmem|       pointer|
|m_axi_gmem_WLAST        |  out|    1|       m_axi|          gmem|       pointer|
|m_axi_gmem_WID          |  out|    1|       m_axi|          gmem|       pointer|
|m_axi_gmem_WUSER        |  out|    1|       m_axi|          gmem|       pointer|
|m_axi_gmem_ARVALID      |  out|    1|       m_axi|          gmem|       pointer|
|m_axi_gmem_ARREADY      |   in|    1|       m_axi|          gmem|       pointer|
|m_axi_gmem_ARADDR       |  out|   64|       m_axi|          gmem|       pointer|
|m_axi_gmem_ARID         |  out|    1|       m_axi|          gmem|       pointer|
|m_axi_gmem_ARLEN        |  out|    8|       m_axi|          gmem|       pointer|
|m_axi_gmem_ARSIZE       |  out|    3|       m_axi|          gmem|       pointer|
|m_axi_gmem_ARBURST      |  out|    2|       m_axi|          gmem|       pointer|
|m_axi_gmem_ARLOCK       |  out|    2|       m_axi|          gmem|       pointer|
|m_axi_gmem_ARCACHE      |  out|    4|       m_axi|          gmem|       pointer|
|m_axi_gmem_ARPROT       |  out|    3|       m_axi|          gmem|       pointer|
|m_axi_gmem_ARQOS        |  out|    4|       m_axi|          gmem|       pointer|
|m_axi_gmem_ARREGION     |  out|    4|       m_axi|          gmem|       pointer|
|m_axi_gmem_ARUSER       |  out|    1|       m_axi|          gmem|       pointer|
|m_axi_gmem_RVALID       |   in|    1|       m_axi|          gmem|       pointer|
|m_axi_gmem_RREADY       |  out|    1|       m_axi|          gmem|       pointer|
|m_axi_gmem_RDATA        |   in|   32|       m_axi|          gmem|       pointer|
|m_axi_gmem_RLAST        |   in|    1|       m_axi|          gmem|       pointer|
|m_axi_gmem_RID          |   in|    1|       m_axi|          gmem|       pointer|
|m_axi_gmem_RUSER        |   in|    1|       m_axi|          gmem|       pointer|
|m_axi_gmem_RRESP        |   in|    2|       m_axi|          gmem|       pointer|
|m_axi_gmem_BVALID       |   in|    1|       m_axi|          gmem|       pointer|
|m_axi_gmem_BREADY       |  out|    1|       m_axi|          gmem|       pointer|
|m_axi_gmem_BRESP        |   in|    2|       m_axi|          gmem|       pointer|
|m_axi_gmem_BID          |   in|    1|       m_axi|          gmem|       pointer|
|m_axi_gmem_BUSER        |   in|    1|       m_axi|          gmem|       pointer|
|context_Addr_A          |  out|   32|        bram|       context|         array|
|context_EN_A            |  out|    1|        bram|       context|         array|
|context_WEN_A           |  out|    4|        bram|       context|         array|
|context_Din_A           |  out|   32|        bram|       context|         array|
|context_Dout_A          |   in|   32|        bram|       context|         array|
|context_Clk_A           |  out|    1|        bram|       context|         array|
|context_Rst_A           |  out|    1|        bram|       context|         array|
+------------------------+-----+-----+------------+--------------+--------------+

